// Jest Snapshot v1, https://goo.gl/fbAQLP

exports[`<CartCount/> Matches snapshot 1`] = `
<div>
  <div
    class="p-2 mx-2 text-base font-bold leading-4 rounded-full tabular-nums h-min min-w-fit bg-tokyo-term-black"
  >
    11
  </div>
</div>
`;
