// Jest Snapshot v1, https://goo.gl/fbAQLP

exports[`<CreateProduct/> Renders and matches snapshot 1`] = `
<div>
  <div>
    <form>
      <fieldset>
        <label
          for="image"
        >
          Image
          <input
            id="image"
            name="image"
            required=""
            type="file"
          />
        </label>
        <label
          for="name"
        >
          Name
          <input
            id="name"
            name="name"
            placeholder="Name"
            type="text"
            value=""
          />
        </label>
        <label
          for="price"
        >
          price
          <input
            id="name"
            name="price"
            placeholder="Price"
            type="number"
            value="0"
          />
        </label>
        <label
          for="description"
        >
          Description
          <textarea
            id="description"
            name="description"
            placeholder="Description"
          />
        </label>
        <button
          class="px-2 py-1 m-2 border-2 rounded-md bg-tokyo-term-black border-tokyo-term-magenta"
          type="submit"
        >
          + Add Product
        </button>
      </fieldset>
    </form>
  </div>
</div>
`;
