// Jest Snapshot v1, https://goo.gl/fbAQLP

exports[`<Pagination/> Renders pagination for 18 items 1`] = `
<div>
  <div
    data-testid="pagination"
  >
    <a
      aria-disabled="true"
      href="/products/0"
    >
      Prev
    </a>
    <p>
      Page 
      1
       of 
      <span
        data-testid="pageCount"
      >
        2
      </span>
    </p>
    <p>
      12
       Items Total
    </p>
    <a
      aria-disabled="false"
      href="/products/2"
    >
      Next
    </a>
  </div>
</div>
`;
