// Jest Snapshot v1, https://goo.gl/fbAQLP

exports[`<Product/> Renders and matches the snapshot 1`] = `
<div>
  <div
    class="z-10 flex flex-col text-2xl font-bold border-4 rounded-sm border-tokyo-term-magenta"
  >
    <div
      class="z-0"
    >
      <img
        alt="dogs are best"
        class="object-cover w-full h-96"
        src="dog.jpg"
      />
    </div>
    <div
      class="p-2 m-auto text-center border-4 rounded-sm w-max border-tokyo-term-magenta align-center bg-tokyo-term-black"
    >
      <a
        href="/product/abc123"
      >
        dogs are best
      </a>
    </div>
    <div>
      $50
    </div>
    <p>
      dogs
    </p>
    <div
      class="flex justify-center mx-4 my-2"
    >
      <div
        class="px-2 py-1 font-bold border-2 rounded-md bg-tokyo-term-black border-tokyo-term-magenta"
      >
        <a
          href="/update?id=abc123"
        >
          Edit
        </a>
      </div>
      <button
        class="px-2 py-1 font-bold border-2 rounded-md bg-tokyo-term-black border-tokyo-term-magenta"
        type="button"
      >
        Add
         To Cart
      </button>
      <button
        class="px-2 py-1 font-bold border-2 rounded-md bg-tokyo-term-black border-tokyo-term-magenta"
        type="button"
      >
        Delete
      </button>
    </div>
  </div>
</div>
`;
